// Jest Snapshot v1, https://goo.gl/fbAQLP

exports[`<ButtonToolbar /> renders component 1`] = `
<DocumentFragment>
  <div
    class="MuiGrid-root MuiGrid-container MuiGrid-justify-content-xs-flex-end"
  />
</DocumentFragment>
`;
