// Jest Snapshot v1, https://goo.gl/fbAQLP

exports[`<PageHeader /> renders component 1`] = `
<DocumentFragment>
  <div
    class="MuiGrid-root PageHeader-header-1 MuiGrid-container MuiGrid-align-items-xs-center MuiGrid-justify-content-xs-space-between"
  >
    <div
      class="MuiGrid-root PageHeader-wrapper-2 MuiGrid-item"
    >
      <h2
        class="MuiTypography-root PageHeader-title-3 MuiTypography-body1"
      >
        Title
      </h2>
    </div>
    <div
      class="MuiGrid-root PageHeader-buttons-4 MuiGrid-item"
    >
      <div
        class="MuiGrid-root MuiGrid-container MuiGrid-justify-content-xs-flex-end"
      />
    </div>
  </div>
</DocumentFragment>
`;
